// Jest Snapshot v1, https://goo.gl/fbAQLP

exports[`renders the contact page correctly 1`] = `
<div>
  Contact Page
</div>
`;
