// Jest Snapshot v1, https://goo.gl/fbAQLP

exports[`renders the signup page correctly 1`] = `
<div>
  Signup Page
</div>
`;
